[debug] [2026-06-28T06:20:48.301Z] ----------------------------------------------------------------------
[debug] [2026-06-28T06:20:48.304Z] Command:       C:\Program Files\nodejs\node.exe C:\Users\Admin\AppData\Roaming\npm\node_modules\firebase-tools\lib\bin\firebase.js deploy
[debug] [2026-06-28T06:20:48.304Z] CLI Version:   15.22.2
[debug] [2026-06-28T06:20:48.304Z] Platform:      win32
[debug] [2026-06-28T06:20:48.304Z] Node Version:  v26.4.0
[debug] [2026-06-28T06:20:48.304Z] Detected Agent: open_code
[debug] [2026-06-28T06:20:48.304Z] Time:          Sun Jun 28 2026 09:20:48 GMT+0300 (Eastern European Summer Time)
[debug] [2026-06-28T06:20:48.304Z] ----------------------------------------------------------------------
[debug] 
[debug] [2026-06-28T06:20:49.610Z] > command requires scopes: ["email","openid","https://www.googleapis.com/auth/cloudplatformprojects.readonly","https://www.googleapis.com/auth/firebase","https://www.googleapis.com/auth/cloud-platform"]
[debug] [2026-06-28T06:20:49.610Z] > authorizing via signed-in user (laurentiucalonfir@gmail.com)
[debug] [2026-06-28T06:20:49.610Z] [iam] checking project comenzi-corina-caffe for permissions ["cloudfunctions.functions.create","cloudfunctions.functions.delete","cloudfunctions.functions.get","cloudfunctions.functions.list","cloudfunctions.functions.update","cloudfunctions.operations.get","firebase.projects.get","firebasedatabase.instances.update","firebasehosting.sites.update"]
[debug] [2026-06-28T06:20:49.611Z] Checked if tokens are valid: true, expires at: 1782630034072
[debug] [2026-06-28T06:20:49.611Z] Checked if tokens are valid: true, expires at: 1782630034072
[debug] [2026-06-28T06:20:49.612Z] >>> [apiv2][query] POST https://cloudresourcemanager.googleapis.com/v1/projects/comenzi-corina-caffe:testIamPermissions [none]
[debug] [2026-06-28T06:20:49.612Z] >>> [apiv2][(partial)header] POST https://cloudresourcemanager.googleapis.com/v1/projects/comenzi-corina-caffe:testIamPermissions  x-goog-user-project=comenzi-corina-caffe
[debug] [2026-06-28T06:20:49.612Z] >>> [apiv2][body] POST https://cloudresourcemanager.googleapis.com/v1/projects/comenzi-corina-caffe:testIamPermissions {"permissions":["cloudfunctions.functions.create","cloudfunctions.functions.delete","cloudfunctions.functions.get","cloudfunctions.functions.list","cloudfunctions.functions.update","cloudfunctions.operations.get","firebase.projects.get","firebasedatabase.instances.update","firebasehosting.sites.update"]}
[debug] [2026-06-28T06:20:50.587Z] <<< [apiv2][status] POST https://cloudresourcemanager.googleapis.com/v1/projects/comenzi-corina-caffe:testIamPermissions 200
[debug] [2026-06-28T06:20:50.587Z] <<< [apiv2][body] POST https://cloudresourcemanager.googleapis.com/v1/projects/comenzi-corina-caffe:testIamPermissions {"permissions":["cloudfunctions.functions.create","cloudfunctions.functions.delete","cloudfunctions.functions.get","cloudfunctions.functions.list","cloudfunctions.functions.update","cloudfunctions.operations.get","firebase.projects.get","firebasedatabase.instances.update","firebasehosting.sites.update"]}
[debug] [2026-06-28T06:20:50.587Z] Checked if tokens are valid: true, expires at: 1782630034072
[debug] [2026-06-28T06:20:50.587Z] Checked if tokens are valid: true, expires at: 1782630034072
[debug] [2026-06-28T06:20:50.587Z] >>> [apiv2][query] POST https://iam.googleapis.com/v1/projects/comenzi-corina-caffe/serviceAccounts/comenzi-corina-caffe@appspot.gserviceaccount.com:testIamPermissions [none]
[debug] [2026-06-28T06:20:50.587Z] >>> [apiv2][body] POST https://iam.googleapis.com/v1/projects/comenzi-corina-caffe/serviceAccounts/comenzi-corina-caffe@appspot.gserviceaccount.com:testIamPermissions {"permissions":["iam.serviceAccounts.actAs"]}
[debug] [2026-06-28T06:20:51.529Z] <<< [apiv2][status] POST https://iam.googleapis.com/v1/projects/comenzi-corina-caffe/serviceAccounts/comenzi-corina-caffe@appspot.gserviceaccount.com:testIamPermissions 200
[debug] [2026-06-28T06:20:51.529Z] <<< [apiv2][body] POST https://iam.googleapis.com/v1/projects/comenzi-corina-caffe/serviceAccounts/comenzi-corina-caffe@appspot.gserviceaccount.com:testIamPermissions {"permissions":["iam.serviceAccounts.actAs"]}
[debug] [2026-06-28T06:20:51.529Z] Checked if tokens are valid: true, expires at: 1782630034072
[debug] [2026-06-28T06:20:51.529Z] Checked if tokens are valid: true, expires at: 1782630034072
[debug] [2026-06-28T06:20:51.530Z] >>> [apiv2][query] GET https://firebase.googleapis.com/v1beta1/projects/comenzi-corina-caffe [none]
[debug] [2026-06-28T06:20:52.029Z] <<< [apiv2][status] GET https://firebase.googleapis.com/v1beta1/projects/comenzi-corina-caffe 200
[debug] [2026-06-28T06:20:52.029Z] <<< [apiv2][body] GET https://firebase.googleapis.com/v1beta1/projects/comenzi-corina-caffe {"projectId":"comenzi-corina-caffe","projectNumber":"820994532115","displayName":"comenzi-corina-caffe","name":"projects/comenzi-corina-caffe","resources":{"hostingSite":"comenzi-corina-caffe","realtimeDatabaseInstance":"comenzi-corina-caffe-default-rtdb"},"state":"ACTIVE","etag":"1_2785c5d8-37cf-4850-9ae8-d3b4cf3b43c2"}
[debug] [2026-06-28T06:20:52.030Z] Checked if tokens are valid: true, expires at: 1782630034072
[debug] [2026-06-28T06:20:52.030Z] Checked if tokens are valid: true, expires at: 1782630034072
[debug] [2026-06-28T06:20:52.030Z] >>> [apiv2][query] GET https://firebase.googleapis.com/v1beta1/projects/comenzi-corina-caffe [none]
[debug] [2026-06-28T06:20:52.376Z] <<< [apiv2][status] GET https://firebase.googleapis.com/v1beta1/projects/comenzi-corina-caffe 200
[debug] [2026-06-28T06:20:52.376Z] <<< [apiv2][body] GET https://firebase.googleapis.com/v1beta1/projects/comenzi-corina-caffe {"projectId":"comenzi-corina-caffe","projectNumber":"820994532115","displayName":"comenzi-corina-caffe","name":"projects/comenzi-corina-caffe","resources":{"hostingSite":"comenzi-corina-caffe","realtimeDatabaseInstance":"comenzi-corina-caffe-default-rtdb"},"state":"ACTIVE","etag":"1_2785c5d8-37cf-4850-9ae8-d3b4cf3b43c2"}
[info] 
[info] === Deploying to 'comenzi-corina-caffe'...
[info] 
[info] i  deploying database, functions, hosting 
[info] i  database: checking rules syntax... 
[debug] [2026-06-28T06:20:52.379Z] Checked if tokens are valid: true, expires at: 1782630034072
[debug] [2026-06-28T06:20:52.379Z] Checked if tokens are valid: true, expires at: 1782630034072
[debug] [2026-06-28T06:20:52.380Z] >>> [apiv2][query] GET https://firebasedatabase.googleapis.com/v1beta/projects/comenzi-corina-caffe/locations/-/instances/comenzi-corina-caffe-default-rtdb [none]
[debug] [2026-06-28T06:20:53.479Z] <<< [apiv2][status] GET https://firebasedatabase.googleapis.com/v1beta/projects/comenzi-corina-caffe/locations/-/instances/comenzi-corina-caffe-default-rtdb 200
[debug] [2026-06-28T06:20:53.479Z] <<< [apiv2][body] GET https://firebasedatabase.googleapis.com/v1beta/projects/comenzi-corina-caffe/locations/-/instances/comenzi-corina-caffe-default-rtdb {"name":"projects/820994532115/locations/europe-west1/instances/comenzi-corina-caffe-default-rtdb","project":"projects/820994532115","databaseUrl":"https://comenzi-corina-caffe-default-rtdb.europe-west1.firebasedatabase.app","type":"DEFAULT_DATABASE","state":"ACTIVE"}
[debug] [2026-06-28T06:20:53.480Z] Checked if tokens are valid: true, expires at: 1782630034072
[debug] [2026-06-28T06:20:53.480Z] Checked if tokens are valid: true, expires at: 1782630034072
[debug] [2026-06-28T06:20:53.480Z] >>> [apiv2][query] PUT https://comenzi-corina-caffe-default-rtdb.europe-west1.firebasedatabase.app/.settings/rules.json dryRun=true
[debug] [2026-06-28T06:20:53.480Z] >>> [apiv2][body] PUT https://comenzi-corina-caffe-default-rtdb.europe-west1.firebasedatabase.app/.settings/rules.json "{\n  \"rules\": {\n    \".read\": false,\n    \".write\": false,\n    \"pins\": {\n      \".read\": \"auth != null\",\n      \".write\": \"root.child('admins/' + auth.uid).exists()\"\n    },\n    \"grants\": {\n      \".read\": \"auth != null\",\n      \".write\": \"auth != null\"\n    },\n    \"db\": {\n      \".read\": \"auth != null\",\n      \".write\": \"root.child('admins/' + auth.uid).exists()\"\n    },\n    \"orders\": {\n      \".read\": \"auth != null\",\n      \".write\": \"auth != null\"\n    },\n    \"history\": {\n      \".read\": \"auth != null\",\n      \".write\": \"auth != null\"\n    },\n    \"admins\": {\n      \".read\": \"auth != null\",\n      \"$uid\": {\n        \".write\": \"$uid === auth.uid\"\n      }\n    }\n  }\n}\n"
[debug] [2026-06-28T06:20:53.715Z] <<< [apiv2][status] PUT https://comenzi-corina-caffe-default-rtdb.europe-west1.firebasedatabase.app/.settings/rules.json 200
[debug] [2026-06-28T06:20:53.716Z] <<< [apiv2][body] PUT https://comenzi-corina-caffe-default-rtdb.europe-west1.firebasedatabase.app/.settings/rules.json {"status":"ok"}
[info] +  database: rules syntax for database comenzi-corina-caffe-default-rtdb is valid 
[debug] [2026-06-28T06:20:53.718Z] Checked if tokens are valid: true, expires at: 1782630034072
[debug] [2026-06-28T06:20:53.718Z] Checked if tokens are valid: true, expires at: 1782630034072
[debug] [2026-06-28T06:20:53.718Z] >>> [apiv2][query] GET https://cloudresourcemanager.googleapis.com/v1/projects/comenzi-corina-caffe [none]
[debug] [2026-06-28T06:20:53.946Z] <<< [apiv2][status] GET https://cloudresourcemanager.googleapis.com/v1/projects/comenzi-corina-caffe 200
[debug] [2026-06-28T06:20:53.946Z] <<< [apiv2][body] GET https://cloudresourcemanager.googleapis.com/v1/projects/comenzi-corina-caffe {"projectNumber":"820994532115","projectId":"comenzi-corina-caffe","lifecycleState":"ACTIVE","name":"comenzi-corina-caffe","labels":{"firebase":"enabled","firebase-core":"disabled"},"createTime":"2026-06-18T21:13:59.887Z"}
[info] i  functions: preparing codebase default for deployment 
[info] i  functions: ensuring required API cloudfunctions.googleapis.com is enabled... 
[info] i  functions: ensuring required API cloudbuild.googleapis.com is enabled... 
[info] i  artifactregistry: ensuring required API artifactregistry.googleapis.com is enabled... 
[debug] [2026-06-28T06:20:53.949Z] Checked if tokens are valid: true, expires at: 1782630034072
[debug] [2026-06-28T06:20:53.949Z] Checked if tokens are valid: true, expires at: 1782630034072
[debug] [2026-06-28T06:20:53.950Z] >>> [apiv2][query] GET https://firebase.googleapis.com/v1beta1/projects/comenzi-corina-caffe/adminSdkConfig [none]
[debug] [2026-06-28T06:20:54.190Z] <<< [apiv2][status] GET https://firebase.googleapis.com/v1beta1/projects/comenzi-corina-caffe/adminSdkConfig 200
[debug] [2026-06-28T06:20:54.190Z] <<< [apiv2][body] GET https://firebase.googleapis.com/v1beta1/projects/comenzi-corina-caffe/adminSdkConfig {"projectId":"comenzi-corina-caffe","databaseURL":"https://comenzi-corina-caffe-default-rtdb.europe-west1.firebasedatabase.app","storageBucket":"comenzi-corina-caffe.firebasestorage.app"}
[debug] [2026-06-28T06:20:54.190Z] Checked if tokens are valid: true, expires at: 1782630034072
[debug] [2026-06-28T06:20:54.190Z] Checked if tokens are valid: true, expires at: 1782630034072
[debug] [2026-06-28T06:20:54.190Z] >>> [apiv2][query] GET https://runtimeconfig.googleapis.com/v1beta1/projects/comenzi-corina-caffe/configs [none]
[debug] [2026-06-28T06:20:54.524Z] <<< [apiv2][status] GET https://runtimeconfig.googleapis.com/v1beta1/projects/comenzi-corina-caffe/configs 200
[debug] [2026-06-28T06:20:54.524Z] <<< [apiv2][body] GET https://runtimeconfig.googleapis.com/v1beta1/projects/comenzi-corina-caffe/configs {}
[debug] [2026-06-28T06:20:54.525Z] Validating nodejs source
[debug] [2026-06-28T06:20:55.593Z] > [functions] package.json contents: {
  "name": "comenzi-corina-functions",
  "version": "1.0.0",
  "engines": {
    "node": "22"
  },
  "dependencies": {
    "firebase-admin": "^12.7.0",
    "firebase-functions": "^7.2.5",
    "web-push": "^3.6.7"
  }
}
[debug] [2026-06-28T06:20:55.593Z] Building nodejs source
[info] i  functions: Loading and analyzing source code for codebase default to determine what to deploy 
[debug] [2026-06-28T06:20:55.594Z] Could not find functions.yaml. Must use http discovery
[debug] [2026-06-28T06:20:55.650Z] Found firebase-functions binary at 'D:\Partitie E\Downloads\manager-comenzi-app-master\manager-comenzi-app-master\functions\node_modules\.bin\firebase-functions'
[info] Serving at port 8282

[debug] [2026-06-28T06:20:55.958Z] Got response from /__/functions.yaml {"endpoints":{"sendOrderNotification":{"availableMemoryMb":null,"timeoutSeconds":null,"minInstances":null,"maxInstances":null,"ingressSettings":null,"concurrency":null,"serviceAccountEmail":null,"vpc":null,"platform":"gcfv2","region":["europe-west1"],"labels":{},"eventTrigger":{"eventType":"google.firebase.database.ref.v1.written","eventFilters":{},"eventFilterPathPatterns":{"ref":"orders/{orderId}","instance":"*"},"retry":false},"entryPoint":"sendOrderNotification"}},"specVersion":"v1alpha1","requiredAPIs":[],"extensions":{}}
